1.团队成员贡献说明
成员	主要职责与贡献
宋宇	项目负责人,整体框架设计,Python代码编写,报告统稿
徐思强	实验设计部分撰写
林晓晨	伪代码撰写,测试伪代码
王松	代码格式校验,代码检查
李苏阳	格式校对,伪代码格式规范,作业统筹

2. 体会

2.1 vibe coding 的特点
vibe coding 是一种通过自然语言描述需求，再借助 AI 快速生成、修改和验证代码的编程方式。
它的特点是开发速度快，可以先把想法表达出来，再逐步让代码变得清晰、可运行、可测试。
在本次作业中，我们先用中文伪代码描述库存计算流程，再转换为 Python 代码，并继续补充 main 函数、测试函数、覆盖率统计和 requirements 文件，
体现了从想法到实现的连续迭代过程。

vibe coding 的优势是可以降低初学者进入编程任务的难度，
帮助我们把注意力放在问题拆解、程序结构和测试验证上。
但它也要求使用者不断检查 AI 生成的代码是否符合题目要求，
例如变量名是否正确、函数是否真正被调用、测试是否有效、覆盖率是否真实统计。
因此，vibe coding 不是简单复制代码，而是在人和 AI 的互动中不断提出更明确的问题，并对结果进行判断和修正。

2.2 团队协作的体会
本次小组作业让我们认识到，团队协作需要明确分工，也需要保持代码和文档的一致性。
不同成员分别负责伪代码、Python 实现、测试设计、格式检查和文档整理，可以提高效率
，也能减少遗漏。比如有人关注程序逻辑，有人关注 README 和虚拟环境说明，
有人检查测试覆盖率，这样最终提交的内容会更完整。

团队协作中，沟通非常重要。每次修改代码前，需要让成员知道修改目的；
每次完成修改后，也需要验证运行结果并记录在 prompt.log 中。
这样不仅能体现每位成员的贡献，也方便回顾整个开发过程。
通过这次作业，我们体会到编程不仅是写出能运行的代码，
还包括清楚表达思路、合理测试结果、维护项目说明，以及和团队成员共同完成一个可靠的交付物。
